[dotenv@17.2.3] injecting env (3) from .env -- tip: ≡ƒôí add observability to secrets: https://dotenvx.com/ops
Testing MongoDB Connection...
URI: mongodb+srv://mdsadikrahman386:****@cluster0.eod7xt9.mongodb.net/?appName=Cluster0
node : ERROR: 
Connection Failed
At line:1 char:1
+ node test-db-connec
tion.js > 
test-output.txt 2>&1
+ ~~~~~~~~~~~~~~~~~~~
~~~~~~~~~~~~~~~~~~~~~
~~~~~~~~~
    + CategoryInfo   
           : NotSpe  
  cified: (ERROR:    
 Connection Faile    
d:String) [], Re    
moteException
    + FullyQualified 
   ErrorId : Native  
  CommandError
 
bad auth : 
authentication failed
